// Jest Snapshot v1, https://goo.gl/fbAQLP

exports[`SectionAskUs it should render 1`] = `
<div
  className="nxt_bg-gray py-6"
>
  <div
    className="container text-center"
  >
    <h1
      className="nxt_heading-large mb-5"
    >
      Ask us anything
    </h1>
    <div
      className="row"
    >
      <div
        className="col-md-6"
      >
        <form>
          <div
            className="text-left nxt_body-xsmall"
          >
            <div
              className="form-group"
            >
              <label
                htmlFor="Name"
              >
                Name
              </label>
              <input
                className="form-control"
                id="InputName"
                type="text"
              />
              <label
                className="mt-3"
                htmlFor="Email"
              >
                Email
              </label>
              <input
                className="form-control"
                id="InputEmail"
                type="email"
              />
              <label
                className="mt-3"
                htmlFor="Phone"
              >
                Phone
              </label>
              <input
                className="form-control"
                id="InputPhone"
                type="phone"
              />
              <label
                className="mt-3"
                htmlFor="Message"
              >
                Message
              </label>
              <textarea
                className="form-control"
                id="InputMessage"
                rows="3"
                type="text"
              />
            </div>
          </div>
        </form>
      </div>
      <div
        className="col-md-6 text-left mt-4"
      >
        <h2>
          Next by Pacific Life
        </h2>
        <a
          href="mailto: hello@meetnext.com"
        >
          hello@meetnext.com
        </a>
        <p>
          (833) 646-NEXT (6398) 
        </p>
      </div>
    </div>
  </div>
</div>
`;
