// Jest Snapshot v1, https://goo.gl/fbAQLP

exports[`SectionDesignWithYouInMind it should render 1`] = `
<div
  className="py-6"
>
  <div
    className="container text-center"
  >
    <h1
      className="react-reveal nxt_heading-large mb-5"
      style={
        Object {
          "opacity": undefined,
        }
      }
    >
      Designed with you in mind
    </h1>
    <div
      className="row"
    >
      <div
        className="col-md-6"
      >
        <img
          alt="Woman with the Phone"
          className="react-reveal"
          src="womanphone.svg"
          style={
            Object {
              "opacity": undefined,
            }
          }
        />
      </div>
      <div
        className="col-md-6"
      >
        <h2
          className="react-reveal nxt_heading-small mb-2"
          style={
            Object {
              "opacity": undefined,
            }
          }
        >
           Fearlessly Flexible
        </h2>
        <p
          className="react-reveal mb-5"
          style={
            Object {
              "opacity": undefined,
            }
          }
        >
          Our products adapt to your lifeâ€™s biggest moments. Change them when your needs do.
        </p>
        <h2
          className="react-reveal nxt_heading-small mb-2"
          style={
            Object {
              "opacity": undefined,
            }
          }
        >
          Radically Simple
        </h2>
        <p
          className="react-reveal mb-5"
          style={
            Object {
              "opacity": undefined,
            }
          }
        >
          Straight forward products and features. Know what you're getting from the beginning.
        </p>
        <h2
          className="react-reveal nxt_heading-small mb-2"
          style={
            Object {
              "opacity": undefined,
            }
          }
        >
          Brazenly Transparent
        </h2>
        <p
          className="react-reveal mb-5"
          style={
            Object {
              "opacity": undefined,
            }
          }
        >
          No hidden fees or charges.
        </p>
      </div>
    </div>
  </div>
</div>
`;
