// Jest Snapshot v1, https://goo.gl/fbAQLP

exports[`Button it should render 1`] = `
<a
  aria-current="page"
  href="/"
  onClick={[Function]}
>
  <button
    className="btn btn-primary nxt_rounded-pill nxt_body-small px-4 py-2"
  />
</a>
`;
