// Jest Snapshot v1, https://goo.gl/fbAQLP

exports[`Button it should render 1`] = `
<a
  aria-current="page"
  href="/"
  onClick={[Function]}
>
  <a
    target="_blank"
  >
    <button
      className="btn btn-primary rounded-pill nxt_body-small px-4 py-2"
    />
  </a>
</a>
`;
