// Jest Snapshot v1, https://goo.gl/fbAQLP

exports[`SectionDesignWithYouInMind it should render 1`] = `
<div
  className="py-6"
>
  <div
    className="container text-center"
  >
    <img
      alt="Woman with the Phone"
      src="womanphone.svg"
    />
    <h1>
      Designed with you in mind
    </h1>
    <h2>
      Fearlessly Flexible
    </h2>
    <p>
      Our products adapt to your lifeâ€™s biggest moments. Change them when your needs do.
    </p>
    <h2>
      Radically Simple
    </h2>
    <p>
      Straight forward products and features. Know what you're getting from the beginning.
    </p>
    <h2>
      Brazenly Transparent
    </h2>
    <p>
      No hidden fees or charges.
    </p>
  </div>
</div>
`;
