// Jest Snapshot v1, https://goo.gl/fbAQLP

exports[`SectionAskUs it should render 1`] = `
<div
  className="py-6 bg-light"
>
  <div
    className="container"
  >
    <h1
      className="react-reveal text-center nxt_heading-xlarge undefined"
      style={
        Object {
          "opacity": undefined,
        }
      }
    >
      Ask us anything
    </h1>
    <div
      className="row"
    >
      <div
        className="react-reveal col-md-5 order-2 mt-5 text-left"
        style={
          Object {
            "opacity": undefined,
          }
        }
      >
        <div>
          <h2>
            Next by Pacific Life
          </h2>
          <a
            href="mailto: hello@meetnext.com"
          >
            hello@meetnext.com
          </a>
          <p>
            (833) 646-NEXT (6398) 
          </p>
        </div>
      </div>
      <div
        className="col-md-7 order-1 text-left"
      >
        <div
          className="mt-5"
        >
          <div
            className="react-reveal"
            style={
              Object {
                "opacity": undefined,
              }
            }
          >
            <div
              className="text-left nxt_body-xsmall"
            >
              <form
                noValidate={true}
                onSubmit={[Function]}
              >
                <div
                  className="react-reveal alert-success nxt_body-small"
                  style={
                    Object {
                      "opacity": undefined,
                    }
                  }
                >
                  <p>
                    We received your message! Weâ€™ll get back to you shortly.
                  </p>
                  <p>
                    If this is an urgent matter, pleae call us at (833) 646-6398
                  </p>
                </div>
                <div
                  className="react-reveal alert-fail nxt_body-small"
                  style={
                    Object {
                      "opacity": undefined,
                    }
                  }
                >
                  <span
                    className="input-fail"
                    id="fail-message"
                  />
                  <span
                    className="input-fail"
                    id="invalid-email-message"
                  />
                </div>
                <div>
                  <label>
                    Name
                  </label>
                  <input
                    className="form-control form-input"
                    name="name"
                    onChange={[Function]}
                    type="text"
                    value=""
                  />
                </div>
                <div>
                  <label>
                    Email
                  </label>
                  <input
                    className="form-control form-input"
                    name="email"
                    onBlur={[Function]}
                    onChange={[Function]}
                    type="email"
                    value=""
                  />
                </div>
                <div>
                  <label>
                    Phone
                  </label>
                  <input
                    autoComplete="tel"
                    className="form-control mb-3"
                    maxLength="14"
                    name="phone"
                    onBlur={[Function]}
                    onChange={[Function]}
                    type="tel"
                    value=""
                  />
                </div>
                <div>
                  <label>
                    Message
                  </label>
                  <textarea
                    className="form-control mb-3 form-input"
                    name="message"
                    onChange={[Function]}
                    required={true}
                    type="text"
                    value=""
                  />
                </div>
                <button
                  className="btn btn-primary rounded-pill nxt_body-small px-4 py-2 submit"
                >
                  Submit
                </button>
              </form>
            </div>
          </div>
          <div>
            <div
              className="mt-4 pr-5"
            />
          </div>
        </div>
      </div>
    </div>
  </div>
</div>
`;
