// Jest Snapshot v1, https://goo.gl/fbAQLP

exports[`ContactForm it should render 1`] = `
<div
  className="text-left nxt_body-xsmall"
>
  <form
    noValidate={true}
    onSubmit={[Function]}
  >
    <div
      className="react-reveal alert-success nxt_body-small"
      style={
        Object {
          "opacity": 0,
        }
      }
    >
      <p>
        We received your message! Weâ€™ll get back to you shortly.
      </p>
      <p>
        If this is an urgent matter, pleae call us at (833) 646-6398
      </p>
    </div>
    <div
      className="react-reveal alert-fail nxt_body-small"
      style={
        Object {
          "opacity": 0,
        }
      }
    >
      <span
        className="input-fail"
        id="fail-message"
      />
      <span
        className="input-fail"
        id="invalid-email-message"
      />
    </div>
    <div>
      <label>
        Name
      </label>
      <input
        className="form-control form-input"
        name="name"
        onChange={[Function]}
        type="text"
        value=""
      />
    </div>
    <div>
      <label>
        Email
      </label>
      <input
        className="form-control form-input"
        name="email"
        onBlur={[Function]}
        onChange={[Function]}
        type="email"
        value=""
      />
    </div>
    <div>
      <label>
        Phone Number
      </label>
      <input
        autoComplete="tel"
        className="form-control mb-3"
        maxLength="14"
        name="phone"
        onBlur={[Function]}
        onChange={[Function]}
        type="tel"
        value=""
      />
    </div>
    <div>
      <label>
        Message
      </label>
      <textarea
        className="form-control mb-3 form-input"
        name="message"
        onChange={[Function]}
        required={true}
        type="text"
        value=""
      />
    </div>
    <button
      className="btn btn-primary nxt_rounded-pill nxt_body-small px-4 py-2 submit"
    >
      Submit
    </button>
  </form>
</div>
`;
