// Jest Snapshot v1, https://goo.gl/fbAQLP

exports[`CookieMessage it should render 1`] = `
<div>
  Cookie!
</div>
`;
