// Jest Snapshot v1, https://goo.gl/fbAQLP

exports[`SectionHero it should render 1`] = `
<div
  className="background"
>
  <div
    className="divText"
  >
    <div
      className="container"
    >
      <div
        className="row"
      >
        <div
          className="col text-center"
        />
      </div>
      <div
        className="row"
      >
        <div
          className="col-md-8 offset-md-2 text-center"
        >
          <p
            className="mt-4 circular"
          />
        </div>
      </div>
    </div>
  </div>
</div>
`;
