// Jest Snapshot v1, https://goo.gl/fbAQLP

exports[`PrivacyPolicy it should render 1`] = `
<div>
  <h1>
    PrivacyPolicy!
  </h1>
</div>
`;
