// Jest Snapshot v1, https://goo.gl/fbAQLP

exports[`SectionWhatsYourNext it should render 1`] = `
<div
  className="background"
  style={
    Object {
      "backgroundImage": "url(mainbg1animationB.svg)",
    }
  }
>
  <div
    className="divText"
  >
    <div
      className="container"
    >
      <div
        className="row"
      >
        <div
          className="col text-center"
        >
          <h1
            className="nxt_heading-large"
          >
            Whatâ€™s your next adventure?
          </h1>
        </div>
      </div>
      <div
        className="row"
      >
        <div
          className="col-md-8 offset-md-2 text-center"
        >
          <p
            className="mt-4 circular"
          >
            Insurance products to complement your life goals and passions. We help you go after whatever's next for you.
          </p>
          <a
            className="text-decoration-none mt-4"
            href="#bestlife"
          >
            <p
              className="mt-4 mb-2 text-uppercase text-primary"
            >
              Learn More
            </p>
            <img
              alt="Arrow"
              className="d-block-inline"
              src="arrowdown.svg"
              width={45}
            />
          </a>
        </div>
      </div>
    </div>
  </div>
  <img
    alt="moped"
    className="hero-image"
    src="moped.svg"
  />
</div>
`;
