// Jest Snapshot v1, https://goo.gl/fbAQLP

exports[`SectionAskUs it should render 1`] = `
<div
  className="nxt_bg-gray py-6"
>
  <div
    className="container text-center"
  >
    <h1>
      Ask us anything
    </h1>
    <h2>
      Next by Pacific Life
    </h2>
    <p>
      hello@meetnext.com
    </p>
    <p>
      (833) 646-NEXT (6398) 
    </p>
  </div>
</div>
`;
