// Jest Snapshot v1, https://goo.gl/fbAQLP

exports[`NextSlider it should render 1`] = `
<div
  className="container"
>
  <div
    className="row"
  >
    <div
      className="col-md-6"
    >
      <div
        className="mt-4"
      >
        <div
          className="d-flex justify-content-between"
        >
          <span>
            Intial Value
          </span>
          <span>
            500
          </span>
        </div>
        <div
          className="rc-slider"
          onBlur={[Function]}
          onFocus={[Function]}
          onKeyDown={[Function]}
          onMouseDown={[Function]}
          onMouseUp={[Function]}
          onTouchStart={[Function]}
        >
          <div
            className="rc-slider-rail"
            style={Object {}}
          />
          <div
            className="rc-slider-track"
            style={
              Object {
                "left": "0%",
                "width": "49.94994994994995%",
              }
            }
          />
          <div
            className="rc-slider-step"
          />
          <div
            aria-disabled={false}
            aria-valuemax={1000}
            aria-valuemin={1}
            aria-valuenow={500}
            className="rc-slider-handle"
            onBlur={[Function]}
            onKeyDown={[Function]}
            onMouseDown={[Function]}
            role="slider"
            style={
              Object {
                "left": "49.94994994994995%",
              }
            }
            tabIndex={0}
          />
          <div
            className="rc-slider-mark"
          />
        </div>
      </div>
    </div>
  </div>
</div>
`;
