// Jest Snapshot v1, https://goo.gl/fbAQLP

exports[`SectionManageUncertainty it should render 1`] = `
<div>
  <div
    className="py-6 undefined"
  >
    <div
      className="container"
    >
      <h1
        className="react-reveal text-center nxt_heading-xlarge mb-5"
        style={
          Object {
            "opacity": undefined,
          }
        }
      />
      <div
        className="row"
      >
        <div
          className="react-reveal col-md-5 order-2"
          style={
            Object {
              "opacity": undefined,
            }
          }
        >
          <img
            alt="Canoe Couple"
            className="img-fluid p-5"
            src="canoecouple.svg"
          />
        </div>
        <div
          className="col-md-7 order-1"
        >
          <div
            className="mt-5"
          >
<<<<<<< HEAD
            <div
              className="react-reveal"
=======
            <h1
              className="react-reveal nxt_heading-xlarge"
              style={
                Object {
                  "opacity": undefined,
                }
              }
            >
              A way to manage uncertainty
            </h1>
            <div
              className="react-reveal mt-4 pr-5"
>>>>>>> animation
              style={
                Object {
                  "opacity": undefined,
                }
              }
            >
<<<<<<< HEAD
              <h1
                className="nxt_heading-xlarge"
              >
                A way to manage uncertainty
              </h1>
              <div
                className="mt-4 pr-5"
              >
                Plans change over time—your insurance products can too. Redefine your insurance products as life happens.
              </div>
=======
              Plans change over time—your insurance products can too. Redefine your insurance products as life happens.
>>>>>>> animation
            </div>
            <div>
              <div
                className="mt-4 pr-5"
              />
            </div>
          </div>
        </div>
      </div>
    </div>
  </div>
</div>
`;
